lojimenez@RIWI-0362:~$ sudo mysql -u root
[sudo] contraseña para pablojimenez: 
Welcome to the MySQL monitor.  Commands end with ; or \g.
Your MySQL connection id is 8
Server version: 8.0.42-0ubuntu0.24.04.2 (Ubuntu)

Copyright (c) 2000, 2025, Oracle and/or its affiliates.

Oracle is a registered trademark of Oracle Corporation and/or its
affiliates. Other names may be trademarks of their respective
owners.

Type 'help;' or '\h' for help. Type '\c' to clear the current input statement.

mysql> SHOW DATABASES;
+--------------------+
| Database           |
+--------------------+
| empleadosdb        |
| information_schema |
| mysql              |
| pablo_db           |
| performance_schema |
| prueba             |
| sys                |
+--------------------+
7 rows in set (0,01 sec)

mysql> CREATE DATABASE IF NO EXISTS gestion_academica_universidad;
ERROR 1064 (42000): You have an error in your SQL syntax; check the manual that corresponds to your MySQL server version for the right syntax to use near 'NO EXISTS gestion_academica_universidad' at line 1
mysql> CREATE IF NO EXISTS gestion_academica_universidad;
ERROR 1064 (42000): You have an error in your SQL syntax; check the manual that corresponds to your MySQL server version for the right syntax to use near 'IF NO EXISTS gestion_academica_universidad' at line 1
mysql> CREATE IF NOT EXISTS gestion_academica_universidad;
ERROR 1064 (42000): You have an error in your SQL syntax; check the manual that corresponds to your MySQL server version for the right syntax to use near 'IF NOT EXISTS gestion_academica_universidad' at line 1
mysql> CREATE DATABASE IF NOT EXISTS gestion_academica_universidad;
Query OK, 1 row affected (0,01 sec)

mysql> USE gestion_academica_universidad:
ERROR 1049 (42000): Unknown database 'gestion_academica_universidad:'
mysql> USE gestion_academica_universidad;
Database changed
mysql> CREATE TABLE estudiantes(
    -> id_estudiante INT AUTO_INCREMENT PRIMARY KEY,
    -> nombre_completo,
    -> correo_electronico,
    -> genero,
    -> identificación UNIQUE,
    -> carrera,
    -> fecha_nacimiento,
    -> fecha_ingreso;
ERROR 1064 (42000): You have an error in your SQL syntax; check the manual that corresponds to your MySQL server version for the right syntax to use near ',
correo_electronico,
genero,
identificación UNIQUE,
carrera,
fecha_nacimiento,' at line 3
mysql> CREATE TABLE estudiantes( id_estudiante INT AUTO_INCREMENT PRIMARY KEY, nombre_completo, correo_electronico, genero, identificacion UNIQUE, carrera, fecha_nacimiento, fecha_ingreso);
ERROR 1064 (42000): You have an error in your SQL syntax; check the manual that corresponds to your MySQL server version for the right syntax to use near ', correo_electronico, genero, identificacion UNIQUE, carrera, fecha_nacimiento, ' at line 1
mysql> CREATE TABLE estudiantes(
    -> id_estudiante INT AUTO_INCREMENT PRIMARY KEY,
    -> nombre_completo VARCHAR(100) NOT NULL,
    -> correo_electronico VARCHAR(100) NOT NULL UNIQUE,
    -> genero ENUM('Masculino', 'Femenino', 'Otro'),
    -> identificacion VARCHAR(50) NOT NULL UNIQUE, 
    -> carrera VARCHAR(100), 
    -> fecha_nacimiento DATE, 
    -> fecha_ingreso DATE
    -> );
Query OK, 0 rows affected (0,07 sec)

mysql> 
mysql> CREATE TABLE docentes(
    -> id_docente INT AUTO_INCREMENT PRIMARY KEY, 
    -> nombre_completo,
    -> correo_institucional,
    -> departamento_academico,
    -> anios_experiencia
    -> ;
ERROR 1064 (42000): You have an error in your SQL syntax; check the manual that corresponds to your MySQL server version for the right syntax to use near ',
correo_institucional,
departamento_academico,
anios_experiencia' at line 3
mysql> CREATE TABLE docentes( id_docente INT AUTO_INCREMENT PRIMARY KEY, nombre_completo VARCHAR(100), correo_institucional VARCHAR(255), departamento_academico VARCHAR(100), anios_experiencia INT;
ERROR 1064 (42000): You have an error in your SQL syntax; check the manual that corresponds to your MySQL server version for the right syntax to use near '' at line 1
mysql> CREATE TABLE docentes( id_docente INT AUTO_INCREMENT PRIMARY KEY, nombre_completo VARCHAR(100), correo_institucional VARCHAR(255), departamento_academico VARCHAR(100), anios_experiencia INT);
Query OK, 0 rows affected (0,06 sec)

mysql> CREATE TABLE cursos(
    -> id_curso INT AUTO_INCREMENT PRIMARY KEY,
    -> nombre VARCHAR(100),
    -> codigo INT UNIQUE,
    -> creditos INT,
    -> semestre INT,
    -> id_docente INT, 
    -> FOREING KEY id_docente REFERENCES (docentes(id_docente));
ERROR 1064 (42000): You have an error in your SQL syntax; check the manual that corresponds to your MySQL server version for the right syntax to use near 'KEY id_docente REFERENCES (docentes(id_docente))' at line 8
mysql> CREATE TABLE cursos( id_curso INT AUTO_INCREMENT PRIMARY KEY, nombre VARCHAR(100), codigo INT UNIQUE, creditos INT, semestre INT, id_docente INT,  FOREING KEY (id_docente) REFERENCES docentes(id_docente);
ERROR 1064 (42000): You have an error in your SQL syntax; check the manual that corresponds to your MySQL server version for the right syntax to use near 'KEY (id_docente) REFERENCES docentes(id_docente)' at line 1
mysql> CREATE TABLE cursos( id_curso INT AUTO_INCREMENT PRIMARY KEY, nombre VARCHAR(100), codigo INT UNIQUE, creditos INT, semestre INT, id_docente INT,  FOREING KEY (id_docente) REFERENCES docentes(id);
ERROR 1064 (42000): You have an error in your SQL syntax; check the manual that corresponds to your MySQL server version for the right syntax to use near 'KEY (id_docente) REFERENCES docentes(id)' at line 1
mysql> CREATE TABLE cursos( id_curso INT AUTO_INCREMENT PRIMARY KEY, nombre VARCHAR(100), codigo INT UNIQUE, creditos INT, semestre INT, id_docente INT,  FOREING KEY (id_docente) REFERENCES docentes(id);
ERROR 1064 (42000): You have an error in your SQL syntax; check the manual that corresponds to your MySQL server version for the right syntax to use near 'KEY (id_docente) REFERENCES docentes(id)' at line 1
mysql> CREATE TABLE cursos( id_curso INT AUTO_INCREMENT PRIMARY KEY, nombre VARCHAR(100), codigo INT UNIQUE, creditos INT, semestre INT, id_docente INT,  FOREING KEY (id_docente) REFERENCES docentes(id));
ERROR 1064 (42000): You have an error in your SQL syntax; check the manual that corresponds to your MySQL server version for the right syntax to use near 'KEY (id_docente) REFERENCES docentes(id))' at line 1
mysql> CREATE TABLE cursos (
    ->     id_curso INT AUTO_INCREMENT PRIMARY KEY,
    ->     nombre VARCHAR(100),
    ->     codigo INT UNIQUE,
    ->     creditos INT,
    ->     semestre INT,
    ->     id_docente INT,
    ->     FOREIGN KEY (id_docente) REFERENCES docentes(id)
    -> );
ERROR 3734 (HY000): Failed to add the foreign key constraint. Missing column 'id' for constraint 'cursos_ibfk_1' in the referenced table 'docentes'
mysql> CREATE TABLE cursos (     id_curso INT AUTO_INCREMENT PRIMARY KEY,     nombre VARCHAR(100),     codigo INT UNIQUE,     creditos INT,     semestre INT,     id_docente INT,
FOREIGN KEY (id_docente) REFERENCES docentes(id_docente) );
Query OK, 0 rows affected (0,03 sec)

mysql> CREATE TABLE inscripciones(
    -> id_inscripcion INT AUTO_INCREMENT PRIMARY KEY,
    -> id_estudiante INT,
    -> ;
ERROR 1064 (42000): You have an error in your SQL syntax; check the manual that corresponds to your MySQL server version for the right syntax to use near '' at line 3
mysql> CREATE TABLE inscripciones( id_inscripcion INT AUTO_INCREMENT PRIMARY KEY, id_estudiante INT, FOREIGN KEY (id_estudiante) REFERENCES estudiantes(id_estudiante), id_curso INT, FOREIGN KEY (id_curso) REFERENCES cursos (id_curso), fecha_inscripcion DATE, calificacion_final DECIMAL(10,2));
Query OK, 0 rows affected (0,02 sec)

mysql> SHOW DATABASES;
+-------------------------------+
| Database                      |
+-------------------------------+
| empleadosdb                   |
| gestion_academica_universidad |
| information_schema            |
| mysql                         |
| pablo_db                      |
| performance_schema            |
| prueba                        |
| sys                           |
+-------------------------------+
8 rows in set (0,00 sec)

mysql> DROP DATABASE gestion_academica_universidad;
Query OK, 4 rows affected (0,12 sec)

mysql> SHOW DATABASES;
+--------------------+
| Database           |
+--------------------+
| empleadosdb        |
| information_schema |
| mysql              |
| pablo_db           |
| performance_schema |
| prueba             |
| sys                |
+--------------------+
7 rows in set (0,00 sec)

mysql> CREATE DATABASE gestion_academica_universidad;
Query OK, 1 row affected (0,02 sec)

mysql> SHOW DATABASES;
+-------------------------------+
| Database                      |
+-------------------------------+
| empleadosdb                   |
| gestion_academica_universidad |
| information_schema            |
| mysql                         |
| pablo_db                      |
| performance_schema            |
| prueba                        |
| sys                           |
+-------------------------------+
8 rows in set (0,01 sec)

mysql> USE gesstion_academica_universidad;
ERROR 1049 (42000): Unknown database 'gesstion_academica_universidad'
mysql> USE gestion_academica_universidad;
Database changed
mysql> CREATE TABLE estudiantes (id_estudiante AUTO_INCREMENT PRIMARY KEY,
    -> nombre_completo VARCHAR(100) NOT NULL; 
ERROR 1064 (42000): You have an error in your SQL syntax; check the manual that corresponds to your MySQL server version for the right syntax to use near 'AUTO_INCREMENT PRIMARY KEY,
nombre_completo VARCHAR(100) NOT NULL' at line 1
mysql> CREATE TABLE estudiantes (id_estudiante AUTO_INCREMENT PRIMARY KEY, nombre_completo
VARCHAR(100) NOT NULL,
    -> correo_electronico VARCHAR(255) NOT NULL UNIQUE, 
    -> genero ENUM ('Masculino','Femenino','Otro') NOT NULL, 
    -> identificacion VARCHAR(20) NOT NULL UNIQUE, 
    -> carrera VARCHAR(100) NOT NULL, 
    -> fecha_nacimiento DATE NOT NULL,
    -> fecha_ingreso DATE NOT NULL CHECK(fecha_ingreso >= fecha_nacimiento)
    -> );
ERROR 1064 (42000): You have an error in your SQL syntax; check the manual that corresponds to your MySQL server version for the right syntax to use near 'AUTO_INCREMENT PRIMARY KEY, nombre_completo VARCHAR(100) NOT NULL,
correo_electr' at line 1
mysql> CREATE TABLE estudiantes (id_estudiante INT AUTO_INCREMENT PRIMARY KEY, nombre_completo VARCHAR(100) NOT NULL, correo_electronico VARCHAR(255) NOT NULL UNIQUE,  genero ENUM ('Masculino','Femenino','Otro') NOT NULL, identificacion VARCHAR(20) NOT NULL UNIQUE, carrera
 VARCHAR(100) NOT NULL, fecha_nacimiento DATE NOT NULL, fecha_ingreso DATE NOT NULL CHECK(fecha_ingreso >= fecha_nacimiento) );
ERROR 3813 (HY000): Column check constraint 'estudiantes_chk_1' references other column.
mysql> CREATE TABLE estudiantes (id_estudiante INT AUTO_INCREMENT PRIMARY KEY, nombre_completo VARCHAR(100) NOT NULL, correo_electronico VARCHAR(255) NOT NULL UNIQUE,  genero ENUM ('Masculino','Femenino','Otro') NOT NULL, identificacion VARCHAR(20) NOT NULL UNIQUE, carrera VARCHAR(100) NOT NULL, fecha_nacimiento DATE NOT NULL, fecha_ingreso DATE NOT NULL );
Query OK, 0 rows affected (0,02 sec)

mysql> CREATE TABLE docentes (
    -> id_docente INT AUTO_INCREMENT PRIMARY KEY,
    -> nombre_completo VARCHAR(100) NOT NULL,
    -> correo_institucional VARCHAR(255) NOT NULL UNIQUE,
    -> departamento_academico VARCHAR(100) NOT NULL,
    -> anios_experiencia INT NOT NULL CHECK (anios_experiencia >=0);
ERROR 1064 (42000): You have an error in your SQL syntax; check the manual that corresponds to your MySQL server version for the right syntax to use near '' at line 6
mysql> CREATE TABLE docentes ( id_docente INT AUTO_INCREMENT PRIMARY KEY, nombre_completo VARCHAR(100) NOT NULL, correo_institucional VARCHAR(255) NOT NULL UNIQUE, departamento_academico VARCHAR(100) NOT NULL, anios_experiencia INT NOT NULL CHECK (anios_experiencia >=0));
Query OK, 0 rows affected (0,02 sec)

mysql> CREATE TABLE cursos (
    -> id_curso INT AUTO_INCREMENT PRIMARY KEY,
    -> nombre VARCHAR(100) NOT NULL,
    -> codigo INT NOT NULL UNIQUE,
    -> creditos INT NOT NULL CHECK(creditos>0),
    -> semestre INT NOT NULL CHECK(semestre BETWEEN 1 AND 12),
    -> id_docente INT NOT NULL, 
    -> FOREIGN KEY (id_docente) REFERENCES docentes(id_docente));
Query OK, 0 rows affected (0,07 sec)

mysql> CREATE TABLES inscripciones (
    -> id_inscripcion INT AUTO_INCREMENT PRIMARY KEY,
    -> id_estudiante INT NOT NULL,
    -> id_curso INT NOT NULL,
    -> fecha_inscripcion DATE NOT NULL,
    -> califiacion_final INT CHECK(califiacion_final BETWEEN 0 AND 100),
    -> FOREIGN KEY (id_estudiante) REFERENCES estudiantes(id_estudiante),
    -> FOREIGN KEY (id_curso) REFERENCES cursos(id_curso),
    -> UNIQUE(id_estudiante, id_curso)
    -> );
ERROR 1064 (42000): You have an error in your SQL syntax; check the manual that corresponds to your MySQL server version for the right syntax to use near 'TABLES inscripciones (
id_inscripcion INT AUTO_INCREMENT PRIMARY KEY,
id_estudia' at line 1
mysql> CREATE TABLE inscripciones ( id_inscripcion INT AUTO_INCREMENT PRIMARY KEY, id_estudiante INT NOT NULL, id_curso INT NOT NULL, fecha_inscripcion DATE NOT NULL, calificacion_final INT CHECK(calificacion_final BETWEEN 0 AND 100), FOREIGN KEY (id_estudiante) REFERENCES estudiantes(id_estudiante), FOREIGN KEY (id_curso) REFERENCES cursos(id_curso), UNIQUE(id_estudiante, id_curso) );
Query OK, 0 rows affected (0,08 sec)

mysql> SHOW TABLES;
+-----------------------------------------+
| Tables_in_gestion_academica_universidad |
+-----------------------------------------+
| cursos                                  |
| docentes                                |
| estudiantes                             |
| inscripciones                           |
+-----------------------------------------+
4 rows in set (0,00 sec)

mysql> SELECT * FROM estudiantes;
Empty set (0,00 sec)

mysql> INSERT INTO estudiantes (nombre_completo, correo_electronico, genero, identificacion, carrera, fecha_nacimiento, fecha_ingreso) VALUES (Pablo Jimenez Mora, pablo@email.com, masculino, 111111, ingenieria biomedica, 2001-4-15, 2026-3-12);
ERROR 1064 (42000): You have an error in your SQL syntax; check the manual that corresponds to your MySQL server version for the right syntax to use near 'Jimenez Mora, pablo@email.com, masculino, 111111, ingenieria biomedica, 2001-4-1' at line 1
mysql> INSERT INTO estudiantes (nombre_completo, correo_electronico, genero, identificacion, carrera, fecha_nacimiento, fecha_ingreso) VALUES ('Pablo Jimenez Mora', 'pablo@email.com', 'masculino', '111111', 'ingenieria biomedica', '2001-4-15', '2026-3-12');
Query OK, 1 row affected (0,01 sec)

mysql> INSERT INTO estudiantes (nombre_completo, correo_electronico, genero, identificacion, carrera, fecha_nacimiento, fecha_ingreso) VALUES ('Carolina Serna Gomez', 'caro@email.com
', 'femenino', '222222', 'arquitectura', '2002-10-18', '2025-6-12');
Query OK, 1 row affected (0,00 sec)

mysql> INSERT INTO estudiantes (nombre_completo, correo_electronico, genero, identificacion, carrera, fecha_nacimiento, fecha_ingreso) VALUES ('Andres Felipe Londono Londono', 'pipe@
email.com', 'masculino', '333333', 'ingeniero agronomo', '2001-3-22', '2025-7-1');
Query OK, 1 row affected (0,01 sec)

mysql> INSERT INTO estudiantes (nombre_completo, correo_electronico, genero, identificacion, carrera, fecha_nacimiento, fecha_ingreso) VALUES ('Laura Cristina Gomez Gomez', 'laura@email.com', 'femenino', '444444'
Query OK, 1 row affected (0,01 sec)

mysql> SELECT * FROM estudiantes;
+---------------+-------------------------------+--------------------+-----------+----------------+----------------------+------------------+---------------+
| id_estudiante | nombre_completo               | correo_electronico | genero    | identificacion | carrera              | fecha_nacimiento | fecha_ingreso |
+---------------+-------------------------------+--------------------+-----------+----------------+----------------------+------------------+---------------+
|             1 | Pablo Jimenez Mora            | pablo@email.com    | Masculino | 111111         | ingenieria biomedica | 2001-04-15       | 2026-03-12    |
|             2 | Carolina Serna Gomez          | caro@email.com     | Femenino  | 222222         | arquitectura         | 2002-10-18       | 2025-06-12    |
|             3 | Andres Felipe Londono Londono | pipe@email.com     | Masculino | 333333         | ingeniero agronomo   | 2001-03-22       | 2025-07-01    |
|             4 | Laura Cristina Gomez Gomez    | laura@email.com    | Femenino  | 444444         | medico               | 2001-08-24       | 2025-08-06    |
+---------------+-------------------------------+--------------------+-----------+----------------+----------------------+------------------+---------------+
4 rows in set (0,00 sec)

mysql> INSERT INTO estudiantes (nombre_completo, correo_electronico, genero, identificacion, carrera, fecha_nacimiento, fecha_ingreso) VALUES ('Alejandro Madrigal Montoya', 'alejandro@email.com', 'masculino', '555555', 'medico', '2001-10-1', '2025-4-15');
Query OK, 1 row affected (0,01 sec)

mysql> INSERT INTO docentes (nombre_completo, correo_institucional, departamento_academico, anios_experiencia) VALUES 
    -> ('Juan Felipe Restrepo', 'jfrestrepo@eafit.edu.co','Ciencias Aplicadas e Ingenieria',20),
    -> ,
    -> ;
ERROR 1064 (42000): You have an error in your SQL syntax; check the manual that corresponds to your MySQL server version for the right syntax to use near ',' at line 3
mysql> INSERT INTO docentes (nombre_completo, correo_institucional, departamento_academico, anios_experiencia) VALUES  ('David Henao', 'davidhenao@riwi.io','Desarrollo',12),
    -> (Andrea Taborda, 'andrea@riwi.io','Fisiopatologia',10),
    -> ;
ERROR 1064 (42000): You have an error in your SQL syntax; check the manual that corresponds to your MySQL server version for the right syntax to use near 'Taborda, 'andrea@riwi.io','Fisiopatologia',10),' at line 2
mysql> INSERT INTO docentes (nombre_completo, correo_institucional, departamento_academico, anios_experiencia) VALUES  ('David Henao', 'davidhenao@riwi.io','Desarrollo',12), ('Andrea
 Taborda', 'andrea@riwi.io','Fisiopatologia',10),
    -> ('Mateo Hurtado', 'mateo@riwi.io', 'taller arquitectonico', 15)
    -> );
ERROR 1064 (42000): You have an error in your SQL syntax; check the manual that corresponds to your MySQL server version for the right syntax to use near ')' at line 3
mysql> INSERT INTO docentes (nombre_completo, correo_institucional, departamento_academico, anios_experiencia) VALUES  ('David Henao', 'davidhenao@riwi.io','Desarrollo',12), ('Andrea Taborda', 'andrea@riwi.io','Fisiopatologia',10), ('Mateo Hurtado', 'mateo@riwi.io', 'taller arquitectonico', 15);
Query OK, 3 rows affected (0,02 sec)
Records: 3  Duplicates: 0  Warnings: 0

mysql> INSERT INTO inscripciones (id_estudiante, id_curso, fecha_inscripcion, calificacion_final) VALUES
    -> (1,1,'2025-07-29',5),
    -> (1,2,'2025-07-29',4.6),
    -> (1,3,'2025-07-29',4.0),
    -> (2,1,'2025-07-29',3.5),
    -> (3,4,'2025-07-29',1.9),
    -> (4,4,'2025-07-29',4.5),
    -> (5,4,'2025-07-29',3.5),
    -> (2,3,'2025-07-29',4.8)
    -> )))m
    -> ;
ERROR 1064 (42000): You have an error in your SQL syntax; check the manual that corresponds to your MySQL server version for the right syntax to use near ')))m' at line 10
mysql> SELECT * FROM ESTUDIANTES;
ERROR 1146 (42S02): Table 'gestion_academica_universidad.ESTUDIANTES' doesn't exist
mysql> SELECT * FROM estudiantes;
+---------------+-------------------------------+---------------------+-----------+----------------+----------------------+------------------+---------------+
| id_estudiante | nombre_completo               | correo_electronico  | genero    | identificacion | carrera              | fecha_nacimiento | fecha_ingreso |
+---------------+-------------------------------+---------------------+-----------+----------------+----------------------+------------------+---------------+
|             1 | Pablo Jimenez Mora            | pablo@email.com     | Masculino | 111111         | ingenieria biomedica | 2001-04-15       | 2026-03-12    |
|             2 | Carolina Serna Gomez          | caro@email.com      | Femenino  | 222222         | arquitectura         | 2002-10-18       | 2025-06-12    |
|             3 | Andres Felipe Londono Londono | pipe@email.com      | Masculino | 333333         | ingeniero agronomo   | 2001-03-22       | 2025-07-01    |
|             4 | Laura Cristina Gomez Gomez    | laura@email.com     | Femenino  | 444444         | medico               | 2001-08-24       | 2025-08-06    |
|             5 | Alejandro Madrigal Montoya    | alejandro@email.com | Masculino | 555555         | medico               | 2001-10-01       | 2025-04-15    |
+---------------+-------------------------------+---------------------+-----------+----------------+----------------------+------------------+---------------+
5 rows in set (0,00 sec)

mysql> SHOW TABLES;
+-----------------------------------------+
| Tables_in_gestion_academica_universidad |
+-----------------------------------------+
| cursos                                  |
| docentes                                |
| estudiantes                             |
| inscripciones                           |
+-----------------------------------------+
4 rows in set (0,00 sec)

mysql> SELECT * FROM cursos;
Empty set (0,00 sec)

mysql> SELECT * FROM docentes;
+------------+-----------------+----------------------+------------------------+-------------------+
| id_docente | nombre_completo | correo_institucional | departamento_academico | anios_experiencia |
+------------+-----------------+----------------------+------------------------+-------------------+
|          1 | David Henao     | davidhenao@riwi.io   | Desarrollo             |                12 |
|          2 | Andrea Taborda  | andrea@riwi.io       | Fisiopatologia         |                10 |
|          3 | Mateo Hurtado   | mateo@riwi.io        | taller arquitectonico  |                15 |
+------------+-----------------+----------------------+------------------------+-------------------+
3 rows in set (0,00 sec)

mysql> INSERT INTO cursos (nombre, codigo, creditos, semestre, id_docente) VALUES
    -> ('Algoritmia', '01', 4, 5, 1),
    -> ('Fisiopatologia II', '02', 6, 8, 2),
    -> ('Taller 9', '03', 8, 9, 3),
    -> ('Java', '04', 6, 7, 1);
Query OK, 4 rows affected (0,01 sec)
Records: 4  Duplicates: 0  Warnings: 0

mysql> SHOW TABLES;
+-----------------------------------------+
| Tables_in_gestion_academica_universidad |
+-----------------------------------------+
| cursos                                  |
| docentes                                |
| estudiantes                             |
| inscripciones                           |
+-----------------------------------------+
4 rows in set (0,00 sec)

mysql> SELECT * FROM cursos;
+----------+-------------------+--------+----------+----------+------------+
| id_curso | nombre            | codigo | creditos | semestre | id_docente |
+----------+-------------------+--------+----------+----------+------------+
|        1 | Algoritmia        |      1 |        4 |        5 |          1 |
|        2 | Fisiopatologia II |      2 |        6 |        8 |          2 |
|        3 | Taller 9          |      3 |        8 |        9 |          3 |
|        4 | Java              |      4 |        6 |        7 |          1 |
+----------+-------------------+--------+----------+----------+------------+
4 rows in set (0,00 sec)

mysql> SELECT * FROM estudiantes;
+---------------+-------------------------------+---------------------+-----------+----------------+----------------------+------------------+---------------+
| id_estudiante | nombre_completo               | correo_electronico  | genero    | identificacion | carrera              | fecha_nacimiento | fecha_ingreso |
+---------------+-------------------------------+---------------------+-----------+----------------+----------------------+------------------+---------------+
|             1 | Pablo Jimenez Mora            | pablo@email.com     | Masculino | 111111         | ingenieria biomedica | 2001-04-15       | 2026-03-12    |
|             2 | Carolina Serna Gomez          | caro@email.com      | Femenino  | 222222         | arquitectura         | 2002-10-18       | 2025-06-12    |
|             3 | Andres Felipe Londono Londono | pipe@email.com      | Masculino | 333333         | ingeniero agronomo   | 2001-03-22       | 2025-07-01    |
|             4 | Laura Cristina Gomez Gomez    | laura@email.com     | Femenino  | 444444         | medico               | 2001-08-24       | 2025-08-06    |
|             5 | Alejandro Madrigal Montoya    | alejandro@email.com | Masculino | 555555         | medico               | 2001-10-01       | 2025-04-15    |
+---------------+-------------------------------+---------------------+-----------+----------------+----------------------+------------------+---------------+
5 rows in set (0,00 sec)

mysql> SELECT * FROM docentes;
+------------+-----------------+----------------------+------------------------+-------------------+
| id_docente | nombre_completo | correo_institucional | departamento_academico | anios_experiencia |
+------------+-----------------+----------------------+------------------------+-------------------+
|          1 | David Henao     | davidhenao@riwi.io   | Desarrollo             |                12 |
|          2 | Andrea Taborda  | andrea@riwi.io       | Fisiopatologia         |                10 |
|          3 | Mateo Hurtado   | mateo@riwi.io        | taller arquitectonico  |                15 |
+------------+-----------------+----------------------+------------------------+-------------------+
3 rows in set (0,00 sec)

mysql> INSERT INTO inscripciones (id_estudiante, id_curso, fecha_inscripcion, calificacion_final) VALUES (1, 1,2027-01-20,5),
    -> (1,4,2027-01-20,5),
    -> (2,3,2027-02-2,5),
    -> (3,4,2027-01-20,4),
    -> (3,1,2027-01-20,3.6),
    -> (4,2,2027-01-15,4),
    -> (5,2,2027-01-15,5),
    -> (5,1,2027-01-20,3),
    -> (4,1,2027-01-20,3.6);
ERROR 1292 (22007): Incorrect date value: '2006' for column 'fecha_inscripcion' at row 1
mysql> INSERT INTO inscripciones 
    -> (id_estudiante, id_curso, fecha_inscripcion, calificacion_final) 
    -> VALUES 
    -> (1, 1, '2027-01-20', 5),
    -> (1, 4, '2027-01-20', 5),
    -> (2, 3, '2027-02-02', 5),
    -> (3, 4, '2027-01-20', 4),
    -> (3, 1, '2027-01-20', 3.6),
    -> (4, 2, '2027-01-15', 4),
    -> (5, 2, '2027-01-15', 5),
    -> (5, 1, '2027-01-20', 3),
    -> (4, 1, '2027-01-20', 3.6);
Query OK, 9 rows affected (0,02 sec)
Records: 9  Duplicates: 0  Warnings: 0

mysql> SHOW TABLES;
+-----------------------------------------+
| Tables_in_gestion_academica_universidad |
+-----------------------------------------+
| cursos                                  |
| docentes                                |
| estudiantes                             |
| inscripciones                           |
+-----------------------------------------+
4 rows in set (0,00 sec)

mysql> SELECT * FROM inscripciones;
+----------------+---------------+----------+-------------------+--------------------+
| id_inscripcion | id_estudiante | id_curso | fecha_inscripcion | calificacion_final |
+----------------+---------------+----------+-------------------+--------------------+
|              1 |             1 |        1 | 2027-01-20        |                  5 |
|              2 |             1 |        4 | 2027-01-20        |                  5 |
|              3 |             2 |        3 | 2027-02-02        |                  5 |
|              4 |             3 |        4 | 2027-01-20        |                  4 |
|              5 |             3 |        1 | 2027-01-20        |                  4 |
|              6 |             4 |        2 | 2027-01-15        |                  4 |
|              7 |             5 |        2 | 2027-01-15        |                  5 |
|              8 |             5 |        1 | 2027-01-20        |                  3 |
|              9 |             4 |        1 | 2027-01-20        |                  4 |
+----------------+---------------+----------+-------------------+--------------------+
9 rows in set (0,01 sec)

mysql> SELECT estudiantes.nombre_completo, cursos.nombre AS curso
    -> FROM estudiantes
    -> JOIN cursos ON estudiantes.id_estudiante = cursos.id_estudiante;
ERROR 1054 (42S22): Unknown column 'cursos.id_estudiante' in 'on clause'
mysql> SELECT e.nombre_completo AS Estudiante, c.nombre AS Curso
    -> FROM estudiantes e
    -> LEFT JOIN inscripciones m ON e.id_estudiante = m.id_estudiante
    -> LEFT JOIN cursos c ON m.id_curso = c.id_curso;
+-------------------------------+-------------------+
| Estudiante                    | Curso             |
+-------------------------------+-------------------+
| Pablo Jimenez Mora            | Algoritmia        |
| Pablo Jimenez Mora            | Java              |
| Carolina Serna Gomez          | Taller 9          |
| Andres Felipe Londono Londono | Algoritmia        |
| Andres Felipe Londono Londono | Java              |
| Laura Cristina Gomez Gomez    | Algoritmia        |
| Laura Cristina Gomez Gomez    | Fisiopatologia II |
| Alejandro Madrigal Montoya    | Algoritmia        |
| Alejandro Madrigal Montoya    | Fisiopatologia II |
+-------------------------------+-------------------+
9 rows in set (0,00 sec)

